// Jest Snapshot v1, https://goo.gl/fbAQLP

exports[`<Banner /> should match snapshot 1`] = `
<div>
  <section
    class="banner bg-cover flex justify-center"
  >
    <div
      class="flex flex-col items-center justify-around"
    >
      <h2
        class="title text-white opacity-80 text-center uppercase tracking-widest m-2 styles_typicalWrapper__1_Uvh"
      />
    </div>
  </section>
</div>
`;
