// Jest Snapshot v1, https://goo.gl/fbAQLP

exports[`<About /> should match snapshot 1`] = `
<div>
  <section
    class="py-4 bg-gray-100 lg:h-screen"
  >
    <h1
      class="title titleMain"
    >
      Quem somos?
    </h1>
    <h2
      class="subtitle subtitleMain"
    >
      Somos um grupo de pesquisa em robótica do Centro de Informática - UFPE
    </h2>
    <div
      class="m-10 flex justify-around items-center flex-col lg:flex-row p-2"
    >
      <img
        alt="robots"
        class="max-h-80 max-w-auto rounded-lg mb-3"
        src="robots.jpg"
      />
      <div
        class="flex flex-col mx-2"
      >
        <h4
          class="subtitle py-4"
        >
          Centro de informática - UFPE
        </h4>
        <p
          class="text-lg text-justify text-gray-500 max-w-lg pt-1"
        >
          RobôCIn é um grupo de pesquisa e desenvolvimento do Centro de Informática da UFPE, que utiliza a robótica para desenvolver soluções. O grupo foi criado em 2015 por 12 estudantes de Engenharia da Computação com ajuda de dois professores. Edna Barros e Hansenclever Bassani. Hoje contamos com 47 estudantes de graduação e pós-graduação e 4 professores estão orientado o time para desenvolver soluções utilizando Inteligência Artificial, Visão Computacional, Mecânica e Eletrônica aplicados na robótica.
        </p>
      </div>
    </div>
  </section>
</div>
`;
