// Jest Snapshot v1, https://goo.gl/fbAQLP

exports[`<LoadingScreen /> should match snapshot 1`] = `
<div>
  <section
    class="p-5 pt-10 pb-10  xl:h-screen bg-gray-100"
  >
    <h1
      class="title titleMain"
    >
      Depoimentos dos nossos membros
    </h1>
    <div
      class="flex flex-col md:flex-row justify-around xl:mt-3 p-2"
    >
      <div
        class="bg-white px-2 py-5 flex flex-col items-center m-2 rounded-lg my-3 border shadow-lg hover:shadow-xl"
      >
        <div
          class="flex items-center justify-around"
        >
          <img
            alt="João"
            class="h-32 w-32 mr-2"
            src="user.png"
          />
          <div
            class="flex flex-col ml-2"
          >
            <h3
              class="text-center text-green-600 m-1.5 uppercase"
            >
              João
            </h3>
            <h6
              class="text-center text-green-500 mb-1.5"
            >
              Desenvolvimento
            </h6>
          </div>
        </div>
        <p
          class="text-sm max-w-xs p-1.5 text-justify text-center text-gray-400"
        >
          "
          Ser membro do RobôCIn tem me permitido aplicar todo o conhecimento adquirido na faculdade em projetos reais, o que tem sido um grande diferencial na minha formação e um grande passo para minha carreira.
           "
        </p>
      </div>
      <div
        class="bg-white px-2 py-5 flex flex-col items-center m-2 rounded-lg my-3 border shadow-lg hover:shadow-xl"
      >
        <div
          class="flex items-center justify-around"
        >
          <img
            alt="Maria"
            class="h-32 w-32 mr-2"
            src="user.png"
          />
          <div
            class="flex flex-col ml-2"
          >
            <h3
              class="text-center text-green-600 m-1.5 uppercase"
            >
              Maria
            </h3>
            <h6
              class="text-center text-green-500 mb-1.5"
            >
              Administração
            </h6>
          </div>
        </div>
        <p
          class="text-sm max-w-xs p-1.5 text-justify text-center text-gray-400"
        >
          "
          O RobôCIn me proporcionou não apenas a chance de trabalhar em projetos empolgantes, mas também de conhecer pessoas de diversas áreas e culturas, o que tem sido uma experiência enriquecedora para mim.
           "
        </p>
      </div>
      <div
        class="bg-white px-2 py-5 flex flex-col items-center m-2 rounded-lg my-3 border shadow-lg hover:shadow-xl"
      >
        <div
          class="flex items-center justify-around"
        >
          <img
            alt="Pedro"
            class="h-32 w-32 mr-2"
            src="user.png"
          />
          <div
            class="flex flex-col ml-2"
          >
            <h3
              class="text-center text-green-600 m-1.5 uppercase"
            >
              Pedro
            </h3>
            <h6
              class="text-center text-green-500 mb-1.5"
            >
              Comunicação
            </h6>
          </div>
        </div>
        <p
          class="text-sm max-w-xs p-1.5 text-justify text-center text-gray-400"
        >
          "
          Fazer parte do RobôCIn tem sido uma experiência incrível, não apenas por ter a oportunidade de desenvolver habilidades, mas também por ter a chance de trabalhar com um grupo de pessoas incríveis e dedicadas.
           "
        </p>
      </div>
    </div>
    <a
      href="https://robocin.com.br/seletiva.html"
    >
      <h2
        class="subtitle subtitleMain mt-5 border-green-600 my-2"
      >
        Nosso processo seletivo está aberto. Clique aqui e venha fazer parte do RobôCIn!
      </h2>
    </a>
  </section>
</div>
`;
