// Jest Snapshot v1, https://goo.gl/fbAQLP

exports[`<LoadingScreen /> should match snapshot 1`] = `
<div>
  <section
    class="p-5 pt-10 pb-10  xl:h-screen bg-gray-100"
  >
    <h1
      class="title titleMain"
    >
      Depoimentos dos nossos membros
    </h1>
    <div
      class="flex flex-col md:flex-row justify-around xl:mt-3 p-2"
    >
      <figure
        class="flex flex-col items-center justify-center p-6 m-2 text-center bg-white border-b border-gray-200 md:border-r"
      >
        <blockquote
          class="max-w-2xl mx-auto mb-4 text-gray-500 lg:mb-8"
        >
          <h3
            class="text-lg font-semibold text-gray-900 uppercase"
          >
            aplicar o conhecimento adquirido na faculdade em projetos reais
          </h3>
          <p
            class="my-4"
          >
            "
            Ser membro do RobôCIn tem me permitido aplicar todo o conhecimento adquirido na faculdade em projetos reais, o que tem sido um grande diferencial na minha formação e um grande passo para minha carreira.
            "
          </p>
        </blockquote>
        <figcaption
          class="flex items-center justify-center space-x-3"
        >
          <img
            alt="Ana Júlia"
            class="rounded-full w-9 h-9"
            src="avatar1.png"
          />
          <div
            class="space-y-0.5 font-medium text-left"
          >
            <div>
              Ana Júlia
            </div>
            <div
              class="text-sm text-gray-500 dark:text-gray-400"
            >
              Desenvolvedora VSS
            </div>
          </div>
        </figcaption>
      </figure>
      <figure
        class="flex flex-col items-center justify-center p-6 m-2 text-center bg-white border-b border-gray-200 md:border-r"
      >
        <blockquote
          class="max-w-2xl mx-auto mb-4 text-gray-500 lg:mb-8"
        >
          <h3
            class="text-lg font-semibold text-gray-900 uppercase"
          >
            conhecer pessoas de diversas áreas e culturas
          </h3>
          <p
            class="my-4"
          >
            "
            O RobôCIn me proporcionou não apenas a chance de trabalhar em projetos empolgantes, mas também de conhecer pessoas de diversas áreas e culturas, o que tem sido uma experiência enriquecedora para mim.
            "
          </p>
        </blockquote>
        <figcaption
          class="flex items-center justify-center space-x-3"
        >
          <img
            alt="Geydson Renan"
            class="rounded-full w-9 h-9"
            src="avatar2.png"
          />
          <div
            class="space-y-0.5 font-medium text-left"
          >
            <div>
              Geydson Renan
            </div>
            <div
              class="text-sm text-gray-500 dark:text-gray-400"
            >
              Simulação 2D
            </div>
          </div>
        </figcaption>
      </figure>
      <figure
        class="flex flex-col items-center justify-center p-6 m-2 text-center bg-white border-b border-gray-200 md:border-r"
      >
        <blockquote
          class="max-w-2xl mx-auto mb-4 text-gray-500 lg:mb-8"
        >
          <h3
            class="text-lg font-semibold text-gray-900 uppercase"
          >
            oportunidade de desenvolver habilidades
          </h3>
          <p
            class="my-4"
          >
            "
            Fazer parte do RobôCIn tem sido uma experiência incrível, não apenas por ter a oportunidade de desenvolver habilidades, mas também por ter a chance de trabalhar com um grupo de pessoas incríveis e dedicadas.
            "
          </p>
        </blockquote>
        <figcaption
          class="flex items-center justify-center space-x-3"
        >
          <img
            alt="Maria Beatriz"
            class="rounded-full w-9 h-9"
            src="avatar3.png"
          />
          <div
            class="space-y-0.5 font-medium text-left"
          >
            <div>
              Maria Beatriz
            </div>
            <div
              class="text-sm text-gray-500 dark:text-gray-400"
            >
              Comunicação
            </div>
          </div>
        </figcaption>
      </figure>
    </div>
    <a
      href="https://robocin.com.br/seletiva.html"
    >
      <h2
        class="subtitle subtitleMain mt-5 border-green-600 my-2"
      >
        Nosso processo seletivo está aberto. Clique aqui e venha fazer parte do RobôCIn!
      </h2>
    </a>
  </section>
</div>
`;
