// Jest Snapshot v1, https://goo.gl/fbAQLP

exports[`<Field /> should match snapshot 1`] = `
<div>
  <section
    class="px-5 pt-10 xl:min-h-screen"
  >
    <h1
      class="title titleMain"
    >
      Nossa atuação
    </h1>
    <h2
      class="subtitle subtitleMain"
    >
      Nossa atuação é diversa de pesquisas cientifícas até competições de robótica
    </h2>
    <div
      class="flex flex-row flex-wrap justify-around xl:mt-3"
    >
      <div
        class="p-4 mx-2 my-4 md:shadow-lg"
      >
        <svg
          aria-hidden="true"
          class="h-40 w-40 text-green-600 mx-auto m-2 animate__animated animate__infinite animate__pulse"
          fill="none"
          stroke="currentColor"
          stroke-width="1.5"
          viewBox="0 0 24 24"
          xmlns="http://www.w3.org/2000/svg"
        >
          <path
            d="M16.5 18.75h-9m9 0a3 3 0 013 3h-15a3 3 0 013-3m9 0v-3.375c0-.621-.503-1.125-1.125-1.125h-.871M7.5 18.75v-3.375c0-.621.504-1.125 1.125-1.125h.872m5.007 0H9.497m5.007 0a7.454 7.454 0 01-.982-3.172M9.497 14.25a7.454 7.454 0 00.981-3.172M5.25 4.236c-.982.143-1.954.317-2.916.52A6.003 6.003 0 007.73 9.728M5.25 4.236V4.5c0 2.108.966 3.99 2.48 5.228M5.25 4.236V2.721C7.456 2.41 9.71 2.25 12 2.25c2.291 0 4.545.16 6.75.47v1.516M7.73 9.728a6.726 6.726 0 002.748 1.35m8.272-6.842V4.5c0 2.108-.966 3.99-2.48 5.228m2.48-5.492a46.32 46.32 0 012.916.52 6.003 6.003 0 01-5.395 4.972m0 0a6.726 6.726 0 01-2.749 1.35m0 0a6.772 6.772 0 01-3.044 0"
            stroke-linecap="round"
            stroke-linejoin="round"
          />
        </svg>
        <h2
          class="subtitle text-center m-5"
        >
          Competições
        </h2>
        <p
          class="text-sm max-w-xs p-2 text-justify text-center mx-auto text-gray-500"
        >
          Nós participamos de diversas competições, como a RoboCup, a IRONCup e a LARC.
        </p>
      </div>
      <div
        class="p-4 mx-2 my-4 md:shadow-lg"
      >
        <svg
          aria-hidden="true"
          class="h-40 w-40 text-green-600 mx-auto m-2 animate__animated animate__infinite animate__pulse"
          fill="none"
          stroke="currentColor"
          stroke-width="1.5"
          viewBox="0 0 24 24"
          xmlns="http://www.w3.org/2000/svg"
        >
          <path
            d="M21 21l-5.197-5.197m0 0A7.5 7.5 0 105.196 5.196a7.5 7.5 0 0010.607 10.607z"
            stroke-linecap="round"
            stroke-linejoin="round"
          />
        </svg>
        <h2
          class="subtitle text-center m-5"
        >
          Pesquisa
        </h2>
        <p
          class="text-sm max-w-xs p-2 text-justify text-center mx-auto text-gray-500"
        >
          Professores e estudantes pesquisando dentro dos problemas da robótica.
        </p>
      </div>
      <div
        class="p-4 mx-2 my-4 md:shadow-lg"
      >
        <svg
          aria-hidden="true"
          class="h-40 w-40 text-green-600 mx-auto m-2 animate__animated animate__infinite animate__pulse"
          fill="none"
          stroke="currentColor"
          stroke-width="1.5"
          viewBox="0 0 24 24"
          xmlns="http://www.w3.org/2000/svg"
        >
          <path
            d="M8.25 3v1.5M4.5 8.25H3m18 0h-1.5M4.5 12H3m18 0h-1.5m-15 3.75H3m18 0h-1.5M8.25 19.5V21M12 3v1.5m0 15V21m3.75-18v1.5m0 15V21m-9-1.5h10.5a2.25 2.25 0 002.25-2.25V6.75a2.25 2.25 0 00-2.25-2.25H6.75A2.25 2.25 0 004.5 6.75v10.5a2.25 2.25 0 002.25 2.25zm.75-12h9v9h-9v-9z"
            stroke-linecap="round"
            stroke-linejoin="round"
          />
        </svg>
        <h2
          class="subtitle text-center m-5"
        >
          Desenvolvimento
        </h2>
        <p
          class="text-sm max-w-xs p-2 text-justify text-center mx-auto text-gray-500"
        >
          Nós projetamos e desenvolvemos a eletrônica, a mecânica e a inteligência dos robôs.
        </p>
      </div>
    </div>
  </section>
</div>
`;
