// Jest Snapshot v1, https://goo.gl/fbAQLP

exports[`<LoadingScreen /> should match snapshot 1`] = `
<div>
  <div
    class="fixed top-0 left-0 right-0 bottom-0 flex items-center justify-center bg-gray-100 z-50"
  >
    <div
      class="flex items-center"
    >
      <div>
        <svg
          aria-hidden="true"
          class="animate-spin text-green-600"
          fill="none"
          height="3em"
          stroke="currentColor"
          stroke-width="2"
          viewBox="0 0 24 24"
          width="3em"
          xmlns="http://www.w3.org/2000/svg"
        >
          <path
            d="M4 4v5h.582m15.356 2A8.001 8.001 0 004.582 9m0 0H9m11 11v-5h-.581m0 0a8.003 8.003 0 01-15.357-2m15.357 2H15"
            stroke-linecap="round"
            stroke-linejoin="round"
          />
        </svg>
      </div>
      <span
        class="sr-only"
      >
        Carregando...
      </span>
    </div>
  </div>
</div>
`;
